Microchip MPLAB XC8 Compiler V1.45 ()

Linker command line:

--edf=C:\Code\Microchip\xc8\v1.45\dat\en_msgs.txt -cs \
  -h+dist/default/production\snes_pad.X.production.sym \
  --cmf=dist/default/production\snes_pad.X.production.cmf -z -Q12F629 \
  -oC:\Users\NightFox\AppData\Local\Temp\s50c.2 \
  -Mdist/default/production/snes_pad.X.production.map -E1 -ver=XC8 \
  -ASTACK=04Ch-05dh -pstack=STACK -ACODE=00h-03FEh -ASTRCODE=00h-03FEh \
  -ASTRING=00h-0FFhx3,0300h-03FEh -ACONST=00h-0FFhx3,0300h-03FEh \
  -AENTRY=00h-0FFhx3,0300h-03FEh -ABANK0=020h-05Dh -ARAM=020h-05Dh \
  -AABS1=020h-05Fh -ACOMMON=05Eh-05Fh -ASFR0=00h-01Fh -ASFR1=080h-0DDh \
  -preset_vec=00h,intentry,init,end_init -ppowerup=CODE -pcinit=CODE \
  -pfunctab=ENTRY -ACONFIG=02007h-02007h -pconfig=CONFIG -DCONFIG=2 \
  -AIDLOC=02000h-02003h -pidloc=IDLOC -DIDLOC=2 -AEEDATA=00h-07Fh/02100h \
  -peeprom_data=EEDATA -DEEDATA=2 -posccal=03FFh -DCODE=2 -DSTRCODE=2 \
  -DSTRING=2 -DCONST=2 -DENTRY=2 -k \
  C:\Users\NightFox\AppData\Local\Temp\s50c.obj \
  dist/default/production\snes_pad.X.production.obj 

Object code version is 3.11

Machine type is 12F629



                Name                               Link     Load   Length Selector   Space Scale
C:\Users\NightFox\AppData\Local\Temp\s50c.obj
                end_init                              0        0        5        0       0
                config                             2007     2007        1     400E       0
dist/default/production\snes_pad.X.production.obj
                cinit                               3EA      3EA       15      7D4       0
                text2                               1CF      1CF       19      39E       0
                text1                               202      202       25      404       0
                maintext                            227      227      1C3      44E       0
                cstackBANK0                          43       43        8       20       1
                inittext                            1C0      1C0        F      380       0
                dataBANK0                            20       20       1A       20       1
                bssBANK0                             3A       3A        9       20       1
                nvBANK0                              4B       4B        1       20       1
                idataBANK0                          1E8      1E8       1A      3D0       0

TOTAL           Name                               Link     Load   Length     Space
        CLASS   STACK          

        CLASS   CODE           
                end_init                              0        0        5         0
                cinit                               3EA      3EA       15         0
                text2                               1CF      1CF       19         0
                text1                               202      202       25         0
                maintext                            227      227      1C3         0
                inittext                            1C0      1C0        F         0
                idataBANK0                          1E8      1E8       1A         0

        CLASS   STRCODE        

        CLASS   STRING         

        CLASS   CONST          

        CLASS   ENTRY          

        CLASS   BANK0          
                cstackBANK0                          43       43        8         1
                dataBANK0                            20       20       1A         1
                bssBANK0                             3A       3A        9         1
                nvBANK0                              4B       4B        1         1

        CLASS   RAM            

        CLASS   ABS1           
                abs_s1                               5E       5E        2         1

        CLASS   COMMON         

        CLASS   SFR0           

        CLASS   SFR1           

        CLASS   CONFIG         
                config                             2007     2007        1         0

        CLASS   IDLOC          

        CLASS   EEDATA         

        CLASS   BANK1          



SEGMENTS        Name                           Load    Length   Top    Selector   Space  Class     Delta

                reset_vec                      000000  000005  000005         0       0  CODE        2
                dataBANK0                      000020  00002C  00004C        20       1  BANK0       1
                inittext                       0001C0  00000F  0001CF       380       0  CODE        2
                text2                          0001CF  000019  0001E8       39E       0  CODE        2
                idataBANK0                     0001E8  00001A  000202       3D0       0  CODE        2
                text1                          000202  000025  000227       404       0  CODE        2
                maintext                       000227  0001C3  0003EA       44E       0  CODE        2
                cinit                          0003EA  000015  0003FF       7D4       0  CODE        2
                config                         002007  000001  002008      400E       0  CONFIG      2


UNUSED ADDRESS RANGES

        Name                Unused          Largest block    Delta
        BANK0            004C-005D             12           1
        CODE             0005-01BF            1BB           2
        CONST            0005-01BF             FB           2
        EEDATA           2100-217F             80           2
        ENTRY            0005-01BF             FB           2
        IDLOC            2000-2003              4           2
        RAM              004C-005D             12           1
        SFR0             0000-001F             20           1
        SFR1             0080-00DD             5E           1
        STACK            004C-005D             12           1
        STRCODE          0005-01BF            1BB           2
        STRING           0005-01BF             FB           2

                                  Symbol Table

_CARRY                   (abs)       0018
_CMCON                   (abs)       0019
_EEADR                   (abs)       009B
_EECON1                  (abs)       009C
_EECON2                  (abs)       009D
_EEDATA                  (abs)       009A
_GIE                     (abs)       005F
_GP0                     (abs)       0028
_GP1                     (abs)       0029
_GP2                     (abs)       002A
_GP3                     (abs)       002B
_GPIO                    (abs)       0005
_RD                      (abs)       04E0
_TRISIO                  (abs)       0085
_WR                      (abs)       04E1
_WREN                    (abs)       04E2
__CFG_BOREN$OFF          (abs)       0000
__CFG_FOSC$INTRCIO       (abs)       0000
__CFG_MCLRE$OFF          (abs)       0000
__CFG_PWRTE$ON           (abs)       0000
__CFG_WDTE$OFF           (abs)       0000
__Habs1                  abs1        07FE
__Hbank0                 bank0       07FE
__Hbank1                 bank1       07FE
__HbssBANK0              bssBANK0    07FE
__Hcinit                 cinit       03FF
__Hclrtext               clrtext     07FE
__Hcode                  code        07FE
__Hcommon                common      07FE
__Hconfig                config      2008
__HcstackBANK0           cstackBANK0 07FE
__HdataBANK0             dataBANK0   07FE
__Heeprom_data           eeprom_data 0000
__Hend_init              end_init    0005
__Hfunctab               functab     0000
__HidataBANK0            idataBANK0  07FE
__Hidloc                 idloc       0000
__Hinit                  init        0000
__Hinittext              inittext    07FE
__Hintentry              intentry    0000
__Hmaintext              maintext    07FE
__HnvBANK0               nvBANK0     07FE
__Hosccal                osccal      03FF
__Hpowerup               powerup     0000
__Hram                   ram         07FE
__Hreset_vec             reset_vec   0000
__Hsfr0                  sfr0        07FE
__Hsfr1                  sfr1        07FE
__Hspace_0               (abs)       2008
__Hspace_1               (abs)       07FE
__Hspace_2               (abs)       0000
__Hspace_3               (abs)       0000
__Hstack                 stack       0000
__Hstrings               strings     07FE
__Htext                  text        07FE
__Labs1                  abs1        07FE
__Lbank0                 bank0       07FE
__Lbank1                 bank1       07FE
__LbssBANK0              bssBANK0    07FE
__Lcinit                 cinit       03EA
__Lclrtext               clrtext     07FE
__Lcode                  code        07FE
__Lcommon                common      07FE
__Lconfig                config      2007
__LcstackBANK0           cstackBANK0 07FE
__LdataBANK0             dataBANK0   07FE
__Leeprom_data           eeprom_data 0000
__Lend_init              end_init    0000
__Lfunctab               functab     0000
__LidataBANK0            idataBANK0  07FE
__Lidloc                 idloc       0000
__Linit                  init        0000
__Linittext              inittext    07FE
__Lintentry              intentry    0000
__Lmaintext              maintext    07FE
__LnvBANK0               nvBANK0     07FE
__Losccal                osccal      03FF
__Lpowerup               powerup     0000
__Lram                   ram         07FE
__Lreset_vec             reset_vec   0000
__Lsfr0                  sfr0        07FE
__Lsfr1                  sfr1        07FE
__Lspace_0               (abs)       0000
__Lspace_1               (abs)       0000
__Lspace_2               (abs)       0000
__Lspace_3               (abs)       0000
__Lstack                 stack       0000
__Lstrings               strings     07FE
__Ltext                  text        07FE
__S0                     (abs)       2008
__S1                     (abs)       004C
__S2                     (abs)       0000
__S3                     (abs)       0000
___int_sp                stack       0000
___latbits               (abs)       0000
___osccal_val            osccal      03FF
___sp                    stack       0000
__end_of__initialization cinit       03FD
__end_of_eeprom_read     text2       01E8
__end_of_eeprom_write    text1       0227
__end_of_main            maintext    03EA
__initialization         cinit       03EA
__pbssBANK0              bssBANK0    003A
__pcstackBANK0           cstackBANK0 0043
__pdataBANK0             dataBANK0   0020
__pidataBANK0            idataBANK0  01E8
__pmaintext              maintext    0227
__pnvBANK0               nvBANK0     004B
__ptext1                 text1       0202
__ptext2                 text2       01CF
__size_of_eeprom_read    (abs)       0000
__size_of_eeprom_write   (abs)       0000
__size_of_main           (abs)       0000
_autoA                   dataBANK0   0036
_autoB                   dataBANK0   0034
_buttonA                 bssBANK0    0041
_buttonB                 bssBANK0    0040
_cntA                    bssBANK0    003C
_cntB                    bssBANK0    003A
_eepromData              nvBANK0     004B
_eeprom_read             text2       01CF
_eeprom_write            text1       0202
_main                    maintext    0227
_oldButtonA              dataBANK0   0039
_oldButtonB              dataBANK0   0038
_outA                    bssBANK0    003F
_outB                    bssBANK0    003E
_speed                   dataBANK0   0020
_trigger                 bssBANK0    0042
btemp                    (abs)       005E
eeprom_read@addr         cstackBANK0 0044
eeprom_write@addr        cstackBANK0 0045
eeprom_write@value       cstackBANK0 0043
end_of_initialization    cinit       03FD
init_fetch0              inittext    01C0
init_ram0                inittext    01C4
intlevel0                functab     0000
intlevel1                functab     0000
intlevel2                functab     0000
intlevel3                functab     0000
intlevel4                functab     0000
intlevel5                functab     0000
reset_vec                reset_vec   0000
stackhi                  (abs)       0000
stacklo                  (abs)       0000
start                    init        0000
start_initialization     cinit       03EA
wtemp0                   (abs)       005E


FUNCTION INFORMATION:

 *************** function _main *****************
 Defined at:
		line 56 in file "main.c"
 Parameters:    Size  Location     Type
		None
 Auto vars:     Size  Location     Type
		None
 Return value:  Size  Location     Type
                  1    wreg      void 
 Registers used:
		wreg, fsr0l, fsr0h, status,2, status,0, pclath, cstack
 Tracked objects:
		On entry : 
		On exit  : 
		Unchanged: 
 Data sizes:     COMMON   BANK0
      Params:         0       0
      Locals:         0       0
      Temps:          0       5
      Totals:         0       5
Total ram usage:        5 bytes
 Hardware stack levels required when called:    1
 This function calls:
		_eeprom_read
		_eeprom_write
 This function is called by:
		Startup code after reset
 This function uses a non-reentrant model


 *************** function _eeprom_write *****************
 Defined at:
		line 6 in file "C:\Code\Microchip\xc8\v1.45\sources\pic\eewrite.c"
 Parameters:    Size  Location     Type
  addr            1    wreg     unsigned char 
  value           1    0[BANK0 ] unsigned char 
 Auto vars:     Size  Location     Type
  addr            1    2[BANK0 ] unsigned char 
 Return value:  Size  Location     Type
                  1    wreg      void 
 Registers used:
		wreg, status,2, status,0
 Tracked objects:
		On entry : 
		On exit  : 
		Unchanged: 
 Data sizes:     COMMON   BANK0
      Params:         0       1
      Locals:         0       1
      Temps:          0       1
      Totals:         0       3
Total ram usage:        3 bytes
 Hardware stack levels used:    1
 This function calls:
		Nothing
 This function is called by:
		_main
 This function uses a non-reentrant model


 *************** function _eeprom_read *****************
 Defined at:
		line 6 in file "C:\Code\Microchip\xc8\v1.45\sources\pic\eeread.c"
 Parameters:    Size  Location     Type
  addr            1    wreg     unsigned char 
 Auto vars:     Size  Location     Type
  addr            1    1[BANK0 ] unsigned char 
 Return value:  Size  Location     Type
                  1    wreg      unsigned char 
 Registers used:
		wreg, status,2, status,0
 Tracked objects:
		On entry : 
		On exit  : 
		Unchanged: 
 Data sizes:     COMMON   BANK0
      Params:         0       0
      Locals:         0       1
      Temps:          0       1
      Totals:         0       2
Total ram usage:        2 bytes
 Hardware stack levels used:    1
 This function calls:
		Nothing
 This function is called by:
		_main
 This function uses a non-reentrant model



MODULE INFORMATION

Module		Function		Class		Link	Load	Size
C:\Code\Microchip\xc8\v1.45\sources\pic\eeread.c
		_eeprom_read   		CODE           	01CF	0000	26

C:\Code\Microchip\xc8\v1.45\sources\pic\eeread.c estimated size: 26

C:\Code\Microchip\xc8\v1.45\sources\pic\eewrite.c
		_eeprom_write  		CODE           	0202	0000	38

C:\Code\Microchip\xc8\v1.45\sources\pic\eewrite.c estimated size: 38

shared
		__initialization		CODE           	03EA	0000	20

shared estimated size: 20

main.c
		_main          		CODE           	0227	0000	452

main.c estimated size: 452

